// Jest Snapshot v1, https://goo.gl/fbAQLP

exports[`ORadio render correctly 1`] = `<label class="o-radio"><input type="radio" value="false"> <span class="o-radio__check o-radio__check--checked"><span class="o-radio__circle"></span></span> <span class="o-radio__label"></span></label>`;
