// Jest Snapshot v1, https://goo.gl/fbAQLP

exports[`OSwitch render correctly 1`] = `<label class="o-switch o-switch--rounded"><input type="checkbox" true-value="true" value="false"> <span class="o-switch__check o-switch__check--unchecked"><span class="o-switch__check-switch"></span></span> <span class="o-switch__label"></span></label>`;
