// Jest Snapshot v1, https://goo.gl/fbAQLP

exports[`BNotification render correctly 1`] = `
<transition-stub name="fade">
    <article class="o-notification">
        <!---->
        <!---->
        <!---->
    </article>
</transition-stub>
`;
