// Jest Snapshot v1, https://goo.gl/fbAQLP

exports[`OSwitch render correctly 1`] = `<label class="o-switch o-switch-rounded"><input type="checkbox" true-value="true" value="false"> <span class="o-switch-check"></span> <span class="o-switch-label"></span></label>`;
