// Jest Snapshot v1, https://goo.gl/fbAQLP

exports[`OSelect render correctly 1`] = `
<div class="o-control-select o-control-select-icons-right"><select class="o-select">
        <!----> </select>
    <!---->
    <o-icon-stub icon="caret-down" rootclass="o-icon" clickableclass="o-icon-clickable" spinclass="o-icon-spin" both="true" class="o-icon-right"></o-icon-stub>
</div>
`;
