// Jest Snapshot v1, https://goo.gl/fbAQLP

exports[`OCollapse default render correctly 1`] = `
<div class="collapse">
    <div class="collapse-trigger"></div>
    <transition-stub name="fade">
        <div id="" aria-expanded="true" class="collapse-content"></div>
    </transition-stub>
</div>
`;
