// Jest Snapshot v1, https://goo.gl/fbAQLP

exports[`OTable render correctly 1`] = `
<div class="o-table__wrapper o-table__wrapper--mobile-cards">
    <div style="display: none;"></div>
    <!---->
    <!---->
    <table class="o-table o-table--table__empty">
        <!---->
        <tbody>
            <tr>
                <td colspan="0"></td>
            </tr>
        </tbody>
        <!---->
    </table>
    <!---->
    <!---->
</div>
`;
