// Jest Snapshot v1, https://goo.gl/fbAQLP

exports[`OPagination render correctly 1`] = `<a role="button" href="#" aria-label="" class="">5</a>`;
