// Jest Snapshot v1, https://goo.gl/fbAQLP

exports[`OModal render correctly 1`] = `
<transition-stub name="zoom-out">
    <div tabindex="-1" class="o-modal">
        <div class="o-modal-background"></div>
        <div class="o-modal-content" style="max-width: 960px;"> <button type="button" class="o-modal-close" style="display: none;"></button></div>
    </div>
</transition-stub>
`;
