// Jest Snapshot v1, https://goo.gl/fbAQLP

exports[`OInput render correctly 1`] = `
<div class="o-ctrl-input"><input autocomplete="off" type="text" class="o-input">
    <!---->
    <!---->
    <!---->
</div>
`;
