// Jest Snapshot v1, https://goo.gl/fbAQLP

exports[`OTooltip render correctly 1`] = `<span class="o-tooltip o-tooltip-top"><transition-stub name="fade"><div class="o-tooltip-content" style="display: none;"><!----></div></transition-stub> <div class="o-tooltip-trigger"></div></span>`;
