// Jest Snapshot v1, https://goo.gl/fbAQLP

exports[`OSteps render correctly 1`] = `
<div class="o-steps__wrapper">
    <nav class="o-steps o-steps--label-bottom o-steps--animated o-steps--rounded o-steps--mobile-minimalist">
        <ul class="o-steps__items">
            <li class="o-steps__item o-steps__item-active"><a class="o-steps__item-link">
                    <div class="o-steps__marker">
                        <!---->
                    </div>
                    <div class="o-steps__details"><span class="o-steps__title"></span></div>
                </a></li>
            <li class="o-steps__item" style="display: none;"><a class="o-steps__item-link">
                    <div class="o-steps__marker">
                        <!---->
                    </div>
                    <div class="o-steps__details"><span class="o-steps__title"></span></div>
                </a></li>
            <li class="o-steps__item"><a class="o-steps__item-link">
                    <div class="o-steps__marker">
                        <!---->
                    </div>
                    <div class="o-steps__details"><span class="o-steps__title"></span></div>
                </a></li>
        </ul>
    </nav>
    <section class="o-steps__content o-steps__content-transitioning">
        <div class="o-steps__item v-enter v-enter-active" style=""></div>
        <div class="o-steps__item" style="display: none;"></div>
        <div class="o-steps__item" style="display: none;"></div>
    </section>
    <nav class="o-steps__navigation"><button type="button" role="button" class="o-btn o-btn--disabled"><span class="o-icon o-btn__icon" style="transform: rotate(0deg);"><i class="mdi mdi-chevron-left mdi-24px"></i></span>
            <!---->
            <!---->
        </button> <button type="button" role="button" class="o-btn"><span class="o-icon o-btn__icon" style="transform: rotate(0deg);"><i class="mdi mdi-chevron-right mdi-24px"></i></span>
            <!---->
            <!---->
        </button></nav>
</div>
`;
